Links
https://github.com/William1701520853/PetServices.git
git push -u Prueba master
https://www.youtube.com/watch?v=UWovblxkARQ




$ git config --global user.name "William1701520853"

$ git config --global user.email "william.1701520853caldas.edu.co"

$ cd desktop
$ cd PetServices


$ git init

$ git init
Reinitialized existing Git repository in C:/Users/WillyPosada/Desktop/PetServices/.git/
$ git remote add Prueba https://github.com/William1701520853/PetServices.git


$ git push -u Prueba master


$ git add SW2.txt

$ git status
On branch master

No commits yet

Changes to be committed:
  (use "git rm --cached <file>..." to unstage)
        new file:   SW2.txt
$ git commit -m "este es un commit de prueba"
[master (root-commit) f9462e1] este es un commit de prueba
 1 file changed, 17 insertions(+)
 create mode 100644 SW2.txt



$ git remote add Prueba https://github.com/William1701520853/PetServices.git
